21:14:26 **** Incremental Build of configuration Debug for project uart_example ****
make -j12 all 
arm-none-eabi-gcc "../Core/Src/main.c" -mcpu=cortex-m4 -std=gnu11 -g3 -DDEBUG -DUSE_HAL_DRIVER -DSTM32F446xx -c -I../Core/Inc -I../Drivers/STM32F4xx_HAL_Driver/Inc -I../Drivers/STM32F4xx_HAL_Driver/Inc/Legacy -I../Drivers/CMSIS/Device/ST/STM32F4xx/Include -I../Drivers/CMSIS/Include -O0 -ffunction-sections -fdata-sections -Wall -fstack-usage -fcyclomatic-complexity -MMD -MP -MF"Core/Src/main.d" -MT"Core/Src/main.o" --specs=nano.specs -mfpu=fpv4-sp-d16 -mfloat-abi=hard -mthumb -o "Core/Src/main.o"
../Core/Src/main.c: In function 'main':
../Core/Src/main.c:100:37: warning: implicit declaration of function 'strlen' [-Wimplicit-function-declaration]
  100 |   HAL_UART_Transmit(&huart2, pData, strlen(pData), HAL_MAX_DELAY);
      |                                     ^~~~~~
../Core/Src/main.c:21:1: note: include '<string.h>' or provide a declaration of 'strlen'
   20 | #include "main.h"
  +++ |+#include <string.h>
   21 | 
../Core/Src/main.c:100:37: warning: incompatible implicit declaration of built-in function 'strlen' [-Wbuiltin-declaration-mismatch]
  100 |   HAL_UART_Transmit(&huart2, pData, strlen(pData), HAL_MAX_DELAY);
      |                                     ^~~~~~
../Core/Src/main.c:100:37: note: include '<string.h>' or provide a declaration of 'strlen'
../Core/Src/main.c:100:30: warning: pointer targets in passing argument 2 of 'HAL_UART_Transmit' differ in signedness [-Wpointer-sign]
  100 |   HAL_UART_Transmit(&huart2, pData, strlen(pData), HAL_MAX_DELAY);
      |                              ^~~~~
      |                              |
      |                              char *
In file included from ../Core/Inc/stm32f4xx_hal_conf.h:411,
                 from ../Drivers/STM32F4xx_HAL_Driver/Inc/stm32f4xx_hal.h:29,
                 from ../Core/Inc/main.h:30,
                 from ../Core/Src/main.c:20:
../Drivers/STM32F4xx_HAL_Driver/Inc/stm32f4xx_hal_uart.h:745:79: note: expected 'const uint8_t *' {aka 'const unsigned char *'} but argument is of type 'char *'
  745 | HAL_StatusTypeDef HAL_UART_Transmit(UART_HandleTypeDef *huart, const uint8_t *pData, uint16_t Size, uint32_t Timeout);
      |                                                                ~~~~~~~~~~~~~~~^~~~~
arm-none-eabi-gcc -o "uart_example.elf" @"objects.list"   -mcpu=cortex-m4 -T"D:\embedded\embedded_workspace\uart_example\STM32F446RETX_FLASH.ld" --specs=nosys.specs -Wl,-Map="uart_example.map" -Wl,--gc-sections -static --specs=nano.specs -mfpu=fpv4-sp-d16 -mfloat-abi=hard -mthumb -Wl,--start-group -lc -lm -Wl,--end-group
Finished building target: uart_example.elf
 
arm-none-eabi-size  uart_example.elf 
arm-none-eabi-objdump -h -S uart_example.elf  > "uart_example.list"
   text	   data	    bss	    dec	    hex	filename
   9136	     16	   1640	  10792	   2a28	uart_example.elf
Finished building: default.size.stdout
 
Finished building: uart_example.list
 

21:14:27 Build Finished. 0 errors, 3 warnings. (took 647ms)

